error: constant is never used: `unused_endpoint`
  --> $DIR/unused_endpoint.rs:22:10
   |
22 | async fn unused_endpoint(
   |          ^^^^^^^^^^^^^^^
   |
note: the lint level is defined here
  --> $DIR/unused_endpoint.rs:5:9
   |
5  | #![deny(dead_code)]
   |         ^^^^^^^^^
